20260805170925
crash:
// CRASH: com.ctrip.harmonynext (pid 0) (dump time: 20260805170925)
// Long Msg: HarmonyFault: detected via hilog/faultlogger
// faultlogger:jscrash-com.ctrip.harmonynext-20020314-20260805170834692.log
// Generated by HiviewDFX@OpenHarmony
// ================================================================
// Device info:HUAWEI Mate 80 Pro
// Build info:SGT-AL00B 7.0.0.100(SP8C00E32R3P2log)
// DeviceDebuggable:Yes
// Fingerprint:3468f39c6aa082a0ca57dcbc43917b0948812cf11bfdcf34eb0d089fffd56d63
// Timestamp:2026-08-05 17:08:34.692
// Module name:com.ctrip.harmonynext
// ReleaseType:release
// CpuAbi:arm64-v8a
// Version:8.94.6
// VersionCode:1000164
// IsSystemApp:No
// PreInstalled:No
// Foreground:Yes
// Pid:24656
// Uid:20020314
// Process name:com.ctrip.harmonynext
// App running unique id:18376263226241027752
// Process life time:2s
// Process Memory(kB): 469094(Rss)
// Device Memory(kB): Total 11701248, Free 728552, Available 4069376
// Page switch history:
//   17:08:34.182 :enters foreground
// Reason:RangeError
// Error name:RangeError
// Error message:Stack overflow!
// Stacktrace:
// Cannot get SourceMap info, dump raw stack:
//     at IsObservedObject (/usr1/hmos_for_system/src/increment/sourcecode/out/generic_generic_arm_64only/general_all_phone_standard/obj/foundation/arkui/ace_engine/frameworks/bridge/declarative_frontend/stateMgmt.js:3308:1)
//     at removeOwningProperty (/usr1/hmos_for_system/src/increment/sourcecode/out/generic_generic_arm_64only/general_all_phone_standard/obj/foundation/arkui/ace_engine/frameworks/bridge/declarative_frontend/stateMgmt.js:3334:1)
//     at unsubscribeWrappedObject (/usr1/hmos_for_system/src/increment/sourcecode/out/generic_generic_arm_64only/general_all_phone_standard/obj/foundation/arkui/ace_engine/frameworks/bridge/declarative_frontend/stateMgmt.js:8515:1)
//     at setValueInternal (/usr1/hmos_for_system/src/increment/sourcecode/out/generic_generic_arm_64only/general_all_phone_standard/obj/foundation/arkui/ace_engine/frameworks/bridge/declarative_frontend/stateMgmt.js:8538:1)
//     at set (/usr1/hmos_for_system/src/increment/sourcecode/out/generic_generic_arm_64only/general_all_phone_standard/obj/foundation/arkui/ace_engine/frameworks/bridge/declarative_frontend/stateMgmt.js:8595:1)
//     at originImageAlt (@ctcommon/ctimage|@ctcommon/ctimage|8.94.6-beta.20260729205823|src/main/ets/image/CTImage.ts:134:31)
//     at configBeforeShow (@ctcommon/ctimage|@ctcommon/ctimage|8.94.6-beta.20260729205823|src/main/ets/image/CTImage.ts:388:1)
//     at onImageOptionChange (@ctcommon/ctimage|@ctcommon/ctimage|8.94.6-beta.20260729205823|src/main/ets/image/CTImage.ts:172:14)
//     at viewPropertyHasChanged (/usr1/hmos_for_system/src/increment/sourcecode/out/generic_generic_arm_64only/general_all_phone_standard/obj/foundation/arkui/ace_engine/frameworks/bridge/declarative_frontend/stateMgmt.js:10269:1)
//     at notifyPropertyHasChangedPU (/usr1/hmos_for_system/src/increment/sourcecode/out/generic_generic_arm_64only/general_all_phone_standard/obj/foundation/arkui/ace_engine/frameworks/bridge/declarative_frontend/stateMgmt.js:8084:1)
//     at onTrackedObjectPropertyCompatModeHasChangedPU (/usr1/hmos_for_system/src/increment/sourcecode/out/generic_generic_arm_64only/general_all_phone_standard/obj/foundation/arkui/ace_engine/frameworks/bridge/declarative_frontend/stateMgmt.js:8329:1)
//     at anonymous (/usr1/hmos_for_system/src/increment/sourcecode/out/generic_generic_arm_64only/general_all_phone_standard/obj/foundation/arkui/ace_engine/frameworks/bridge/declarative_frontend/stateMgmt.js:2602:1)
//     at notifyObjectPropertyHasChanged (/usr1/hmos_for_system/src/increment/sourcecode/out/generic_generic_arm_64only/general_all_phone_standard/obj/foundation/arkui/ace_engine/frameworks/bridge/declarative_frontend/stateMgmt.js:2594:1)
//     at set (/usr1/hmos_for_system/src/increment/sourcecode/out/generic_generic_arm_64only/general_all_phone_standard/obj/foundation/arkui/ace_engine/frameworks/bridge/declarative_frontend/stateMgmt.js:2746:1)
//     at configCommonParams (@ctcommon/ctimage|@ctcommon/ctimage|8.94.6-beta.20260729205823|src/main/ets/image/CTImage.ts:418:1)
//     at configBeforeShow (@ctcommon/ctimage|@ctcommon/ctimage|8.94.6-beta.20260729205823|src/main/ets/image/CTImage.ts:390:14)
//     at onImageOptionChange (@ctcommon/ctimage|@ctcommon/ctimage|8.94.6-beta.20260729205823|src/main/ets/image/CTImage.ts:172:14)
//     at viewPropertyHasChanged (/usr1/hmos_for_system/src/increment/sourcecode/out/generic_generic_arm_64only/general_all_phone_standard/obj/foundation/arkui/ace_engine/frameworks/bridge/declarative_frontend/stateMgmt.js:10269:1)
//     at notifyPropertyHasChangedPU (/usr1/hmos_for_system/src/increment/sourcecode/out/generic_generic_arm_64only/general_all_phone_standard/obj/foundation/arkui/ace_engine/frameworks/bridge/declarative_frontend/stateMgmt.js:8084:1)
//     at onTrackedObjectPropertyCompatModeHasChangedPU (/usr1/hmos_for_system/src/increment/sourcecode/out/generic_generic_arm_64only/general_all_phone_standard/obj/foundation/arkui/ace_engine/frameworks/bridge/declarative_frontend/stateMgmt.js:8329:1)
//     at anonymous (/usr1/hmos_for_system/src/increment/sourcecode/out/generic_generic_arm_64only/general_all_phone_standard/obj/foundation/arkui/ace_engine/frameworks/bridge/declarative_frontend/stateMgmt.js:2602:1)
//     at notifyObjectPropertyHasChanged (/usr1/hmos_for_system/src/increment/sourcecode/out/generic_generic_arm_64only/general_all_phone_standard/obj/foundation/arkui/ace_engine/frameworks/bridge/declarative_frontend/stateMgmt.js:2594:1)
//     at set (/usr1/hmos_for_system/src/increment/sourcecode/out/generic_generic_arm_64only/general_all_phone_standard/obj/foundation/arkui/ace_engine/frameworks/bridge/declarative_frontend/stateMgmt.js:2746:1)
//     at transUrl (@ctcommon/ctimage|@ctcommon/ctimage|8.94.6-beta.20260729205823|src/main/ets/image/util/CTImageLoader.ts:54:1)
//     at configCommonParams (@ctcommon/ctimage|@ctcommon/ctimage|8.94.6-beta.20260729205823|src/main/ets/image/CTImage.ts:421:27)
//     at configBeforeShow (@ctcommon/ctimage|@ctcommon/ctimage|8.94.6-beta.20260729205823|src/main/ets/image/CTImage.ts:390:14)
//     at onImageOptionChange (@ctcommon/ctimage|@ctcommon/ctimage|8.94.6-beta.20260729205823|src/main/ets/image/CTImage.ts:172:14)
//     at viewPropertyHasChanged (/usr1/hmos_for_system/src/increment/sourcecode/out/generic_generic_arm_64only/general_all_phone_standard/obj/foundation/arkui/ace_engine/frameworks/bridge/declarative_frontend/stateMgmt.js:10269:1)
//     at notifyPropertyHasChangedPU (/usr1/hmos_for_system/src/increment/sourcecode/out/generic_generic_arm_64only/general_all_phone_standard/obj/foundation/arkui/ace_engine/frameworks/bridge/declarative_frontend/stateMgmt.js:8084:1)
//     at onTrackedObjectPropertyCompatModeHasChangedPU (/usr1/hmos_for_system/src/increment/sourcecode/out/generic_generic_arm_64only/general_all_phone_standard/obj/foundation/arkui/ace_engine/frameworks/bridge/declarative_frontend/stateMgmt.js:8329:1)
//     at anonymous (/usr1/hmos_for_system/src/increment/sourcecode/out/generic_generic_arm_64only/general_all_phone_standard/obj/foundation/arkui/ace_engine/frameworks/bridge/declarative_frontend/stateMgmt.js:2602:1)
//     at notifyObjectPropertyHasChanged (/usr1/hmos_for_system/src/increment/sourcecode/out/generic_generic_arm_64only/general_all_phone_standard/obj/foundation/arkui/ace_engine/frameworks/bridge/declarative_frontend/stateMgmt.js:2594:1)
//     at set (/usr1/hmos_for_system/src/increment/sourcecode/out/generic_generic_arm_64only/general_all_phone_standard/obj/foundation/arkui/ace_engine/frameworks/bridge/declarative_frontend/stateMgmt.js:2746:1)
//     at configCommonParams (@ctcommon/ctimage|@ctcommon/ctimage|8.94.6-beta.20260729205823|src/main/ets/image/CTImage.ts:418:1)
//     at configBeforeShow (@ctcommon/ctimage|@ctcommon/ctimage|8.94.6-beta.20260729205823|src/main/ets/image/CTImage.ts:390:14)
//     at onImageOptionChange (@ctcommon/ctimage|@ctcommon/ctimage|8.94.6-beta.20260729205823|src/main/ets/image/CTImage.ts:172:14)
//     at viewPropertyHasChanged (/usr1/hmos_for_system/src/increment/sourcecode/out/generic_generic_arm_64only/general_all_phone_standard/obj/foundation/arkui/ace_engine/frameworks/bridge/declarative_frontend/stateMgmt.js:10269:1)
//     at notifyPropertyHasChangedPU (/usr1/hmos_for_system/src/increment/sourcecode/out/generic_generic_arm_64only/general_all_phone_standard/obj/foundation/arkui/ace_engine/frameworks/bridge/declarative_frontend/stateMgmt.js:8084:1)
//     at onTrackedObjectPropertyCompatModeHasChangedPU (/usr1/hmos_for_system/src/increment/sourcecode/out/generic_generic_arm_64only/general_all_phone_standard/obj/foundation/arkui/ace_engine/frameworks/bridge/declarative_frontend/stateMgmt.js:8329:1)
//     at anonymous (/usr1/hmos_for_system/src/increment/sourcecode/out/generic_generic_arm_64only/general_all_phone_standard/obj/foundation/arkui/ace_engine/frameworks/bridge/declarative_frontend/stateMgmt.js:2602:1)
//     at notifyObjectPropertyHasChanged (/usr1/hmos_for_system/src/increment/sourcecode/out/generic_generic_arm_64only/general_all_phone_standard/obj/foundation/arkui/ace_engine/frameworks/bridge/declarative_frontend/stateMgmt.js:2594:1)
//     at set (/usr1/hmos_for_system/src/increment/sourcecode/out/generic_generic_arm_64only/general_all_phone_standard/obj/foundation/arkui/ace_engine/frameworks/bridge/declarative_frontend/stateMgmt.js:2746:1)
//     at transUrl (@ctcommon/ctimage|@ctcommon/ctimage|8.94.6-beta.20260729205823|src/main/ets/image/util/CTImageLoader.ts:54:1)
//     at configCommonParams (@ctcommon/ctimage|@ctcommon/ctimage|8.94.6-beta.20260729205823|src/main/ets/image/CTImage.ts:421:27)
//     at configBeforeShow (@ctcommon/ctimage|@ctcommon/ctimage|8.94.6-beta.20260729205823|src/main/ets/image/CTImage.ts:390:14)
//     at onImageOptionChange (@ctcommon/ctimage|@ctcommon/ctimage|8.94.6-beta.20260729205823|src/main/ets/image/CTImage.ts:172:14)
//     at viewPropertyHasChanged (/usr1/hmos_for_system/src/increment/sourcecode/out/generic_generic_arm_64only/general_all_phone_standard/obj/foundation/arkui/ace_engine/frameworks/bridge/declarative_frontend/stateMgmt.js:10269:1)
//     at notifyPropertyHasChangedPU (/usr1/hmos_for_system/src/increment/sourcecode/out/generic_generic_arm_64only/general_all_phone_standard/obj/foundation/arkui/ace_engine/frameworks/bridge/declarative_frontend/stateMgmt.js:8084:1)
//     at onTrackedObjectPropertyCompatModeHasChangedPU (/usr1/hmos_for_system/src/increment/sourcecode/out/generic_generic_arm_64only/general_all_phone_standard/obj/foundation/arkui/ace_engine/frameworks/bridge/declarative_frontend/stateMgmt.js:8329:1)
//     at anonymous (/usr1/hmos_for_system/src/increment/sourcecode/out/generic_generic_arm_64only/general_all_phone_standard/obj/foundation/arkui/ace_engine/frameworks/bridge/declarative_frontend/stateMgmt.js:2602:1)
// crash end
