20260805161653
crash:
// CRASH: com.ctrip.harmonynext (pid 0) (dump time: 20260805161653)
// Long Msg: HarmonyFault: detected via hilog/faultlogger
// faultlogger:jscrash-com.ctrip.harmonynext-20020314-20260805161637577.log
// Generated by HiviewDFX@OpenHarmony
// ================================================================
// Device info:HUAWEI Mate 80 Pro
// Build info:SGT-AL00B 7.0.0.100(SP8C00E32R3P2log)
// DeviceDebuggable:Yes
// Fingerprint:d08960b77f28c2b680f2ea5a31051b05b09ccd35df8b92d97551e0d69ae28a79
// Timestamp:2026-08-05 16:16:37.577
// Module name:com.ctrip.harmonynext
// ReleaseType:release
// CpuAbi:arm64-v8a
// Version:8.94.6
// VersionCode:1000164
// IsSystemApp:No
// PreInstalled:No
// Foreground:Yes
// Pid:16127
// Uid:20020314
// Process name:com.ctrip.harmonynext
// App running unique id:13747605157085009582
// Process life time:379s
// Process Memory(kB): 709672(Rss)
// Device Memory(kB): Total 11701248, Free 1135248, Available 3998720
// Page switch history:
//   16:16:36.510 :@ctbusiness/cthome_CTHomeWrapperV1
//   16:16:07.732 :enters foreground
//   16:15:37.382 :leaves foreground
//   16:14:38.419 :enters foreground
//   16:14:24.993 :leaves foreground
//   16:13:39.894 :@ctcommon/ctreactnative_CRNPage
//   16:11:00.159 :enters foreground
//   16:10:49.842 :leaves foreground
//   16:10:20.664 :enters foreground
// Reason:RangeError
// Error name:RangeError
// Error message:Stack overflow!
// Stacktrace:
// Cannot get SourceMap info, dump raw stack:
//     at debug (@ctcommon/ctfoundation|@ctcommon/ctfoundation|8.94.6-beta.20260727152537|src/main/ets/utils/LogUtil.ts:65:1)
//     at onImageOptionChange (@ctcommon/ctimage|@ctcommon/ctimage|8.94.6-beta.20260729205823|src/main/ets/image/CTImage.ts:171:17)
//     at viewPropertyHasChanged (/usr1/hmos_for_system/src/increment/sourcecode/out/generic_generic_arm_64only/general_all_phone_standard/obj/foundation/arkui/ace_engine/frameworks/bridge/declarative_frontend/stateMgmt.js:10269:1)
//     at notifyPropertyHasChangedPU (/usr1/hmos_for_system/src/increment/sourcecode/out/generic_generic_arm_64only/general_all_phone_standard/obj/foundation/arkui/ace_engine/frameworks/bridge/declarative_frontend/stateMgmt.js:8084:1)
//     at onTrackedObjectPropertyCompatModeHasChangedPU (/usr1/hmos_for_system/src/increment/sourcecode/out/generic_generic_arm_64only/general_all_phone_standard/obj/foundation/arkui/ace_engine/frameworks/bridge/declarative_frontend/stateMgmt.js:8329:1)
//     at anonymous (/usr1/hmos_for_system/src/increment/sourcecode/out/generic_generic_arm_64only/general_all_phone_standard/obj/foundation/arkui/ace_engine/frameworks/bridge/declarative_frontend/stateMgmt.js:2602:1)
//     at notifyObjectPropertyHasChanged (/usr1/hmos_for_system/src/increment/sourcecode/out/generic_generic_arm_64only/general_all_phone_standard/obj/foundation/arkui/ace_engine/frameworks/bridge/declarative_frontend/stateMgmt.js:2594:1)
//     at set (/usr1/hmos_for_system/src/increment/sourcecode/out/generic_generic_arm_64only/general_all_phone_standard/obj/foundation/arkui/ace_engine/frameworks/bridge/declarative_frontend/stateMgmt.js:2746:1)
//     at configCommonParams (@ctcommon/ctimage|@ctcommon/ctimage|8.94.6-beta.20260729205823|src/main/ets/image/CTImage.ts:418:1)
//     at configBeforeShow (@ctcommon/ctimage|@ctcommon/ctimage|8.94.6-beta.20260729205823|src/main/ets/image/CTImage.ts:390:14)
//     at onImageOptionChange (@ctcommon/ctimage|@ctcommon/ctimage|8.94.6-beta.20260729205823|src/main/ets/image/CTImage.ts:172:14)
//     at viewPropertyHasChanged (/usr1/hmos_for_system/src/increment/sourcecode/out/generic_generic_arm_64only/general_all_phone_standard/obj/foundation/arkui/ace_engine/frameworks/bridge/declarative_frontend/stateMgmt.js:10269:1)
//     at notifyPropertyHasChangedPU (/usr1/hmos_for_system/src/increment/sourcecode/out/generic_generic_arm_64only/general_all_phone_standard/obj/foundation/arkui/ace_engine/frameworks/bridge/declarative_frontend/stateMgmt.js:8084:1)
//     at onTrackedObjectPropertyCompatModeHasChangedPU (/usr1/hmos_for_system/src/increment/sourcecode/out/generic_generic_arm_64only/general_all_phone_standard/obj/foundation/arkui/ace_engine/frameworks/bridge/declarative_frontend/stateMgmt.js:8329:1)
//     at anonymous (/usr1/hmos_for_system/src/increment/sourcecode/out/generic_generic_arm_64only/general_all_phone_standard/obj/foundation/arkui/ace_engine/frameworks/bridge/declarative_frontend/stateMgmt.js:2602:1)
//     at notifyObjectPropertyHasChanged (/usr1/hmos_for_system/src/increment/sourcecode/out/generic_generic_arm_64only/general_all_phone_standard/obj/foundation/arkui/ace_engine/frameworks/bridge/declarative_frontend/stateMgmt.js:2594:1)
//     at set (/usr1/hmos_for_system/src/increment/sourcecode/out/generic_generic_arm_64only/general_all_phone_standard/obj/foundation/arkui/ace_engine/frameworks/bridge/declarative_frontend/stateMgmt.js:2746:1)
//     at transUrl (@ctcommon/ctimage|@ctcommon/ctimage|8.94.6-beta.20260729205823|src/main/ets/image/util/CTImageLoader.ts:54:1)
//     at configCommonParams (@ctcommon/ctimage|@ctcommon/ctimage|8.94.6-beta.20260729205823|src/main/ets/image/CTImage.ts:421:27)
//     at configBeforeShow (@ctcommon/ctimage|@ctcommon/ctimage|8.94.6-beta.20260729205823|src/main/ets/image/CTImage.ts:390:14)
//     at onImageOptionChange (@ctcommon/ctimage|@ctcommon/ctimage|8.94.6-beta.20260729205823|src/main/ets/image/CTImage.ts:172:14)
//     at viewPropertyHasChanged (/usr1/hmos_for_system/src/increment/sourcecode/out/generic_generic_arm_64only/general_all_phone_standard/obj/foundation/arkui/ace_engine/frameworks/bridge/declarative_frontend/stateMgmt.js:10269:1)
//     at notifyPropertyHasChangedPU (/usr1/hmos_for_system/src/increment/sourcecode/out/generic_generic_arm_64only/general_all_phone_standard/obj/foundation/arkui/ace_engine/frameworks/bridge/declarative_frontend/stateMgmt.js:8084:1)
//     at onTrackedObjectPropertyCompatModeHasChangedPU (/usr1/hmos_for_system/src/increment/sourcecode/out/generic_generic_arm_64only/general_all_phone_standard/obj/foundation/arkui/ace_engine/frameworks/bridge/declarative_frontend/stateMgmt.js:8329:1)
//     at anonymous (/usr1/hmos_for_system/src/increment/sourcecode/out/generic_generic_arm_64only/general_all_phone_standard/obj/foundation/arkui/ace_engine/frameworks/bridge/declarative_frontend/stateMgmt.js:2602:1)
//     at notifyObjectPropertyHasChanged (/usr1/hmos_for_system/src/increment/sourcecode/out/generic_generic_arm_64only/general_all_phone_standard/obj/foundation/arkui/ace_engine/frameworks/bridge/declarative_frontend/stateMgmt.js:2594:1)
//     at set (/usr1/hmos_for_system/src/increment/sourcecode/out/generic_generic_arm_64only/general_all_phone_standard/obj/foundation/arkui/ace_engine/frameworks/bridge/declarative_frontend/stateMgmt.js:2746:1)
//     at configCommonParams (@ctcommon/ctimage|@ctcommon/ctimage|8.94.6-beta.20260729205823|src/main/ets/image/CTImage.ts:418:1)
//     at configBeforeShow (@ctcommon/ctimage|@ctcommon/ctimage|8.94.6-beta.20260729205823|src/main/ets/image/CTImage.ts:390:14)
//     at onImageOptionChange (@ctcommon/ctimage|@ctcommon/ctimage|8.94.6-beta.20260729205823|src/main/ets/image/CTImage.ts:172:14)
//     at viewPropertyHasChanged (/usr1/hmos_for_system/src/increment/sourcecode/out/generic_generic_arm_64only/general_all_phone_standard/obj/foundation/arkui/ace_engine/frameworks/bridge/declarative_frontend/stateMgmt.js:10269:1)
//     at notifyPropertyHasChangedPU (/usr1/hmos_for_system/src/increment/sourcecode/out/generic_generic_arm_64only/general_all_phone_standard/obj/foundation/arkui/ace_engine/frameworks/bridge/declarative_frontend/stateMgmt.js:8084:1)
//     at onTrackedObjectPropertyCompatModeHasChangedPU (/usr1/hmos_for_system/src/increment/sourcecode/out/generic_generic_arm_64only/general_all_phone_standard/obj/foundation/arkui/ace_engine/frameworks/bridge/declarative_frontend/stateMgmt.js:8329:1)
//     at anonymous (/usr1/hmos_for_system/src/increment/sourcecode/out/generic_generic_arm_64only/general_all_phone_standard/obj/foundation/arkui/ace_engine/frameworks/bridge/declarative_frontend/stateMgmt.js:2602:1)
//     at notifyObjectPropertyHasChanged (/usr1/hmos_for_system/src/increment/sourcecode/out/generic_generic_arm_64only/general_all_phone_standard/obj/foundation/arkui/ace_engine/frameworks/bridge/declarative_frontend/stateMgmt.js:2594:1)
//     at set (/usr1/hmos_for_system/src/increment/sourcecode/out/generic_generic_arm_64only/general_all_phone_standard/obj/foundation/arkui/ace_engine/frameworks/bridge/declarative_frontend/stateMgmt.js:2746:1)
//     at transUrl (@ctcommon/ctimage|@ctcommon/ctimage|8.94.6-beta.20260729205823|src/main/ets/image/util/CTImageLoader.ts:54:1)
//     at configCommonParams (@ctcommon/ctimage|@ctcommon/ctimage|8.94.6-beta.20260729205823|src/main/ets/image/CTImage.ts:421:27)
//     at configBeforeShow (@ctcommon/ctimage|@ctcommon/ctimage|8.94.6-beta.20260729205823|src/main/ets/image/CTImage.ts:390:14)
//     at onImageOptionChange (@ctcommon/ctimage|@ctcommon/ctimage|8.94.6-beta.20260729205823|src/main/ets/image/CTImage.ts:172:14)
//     at viewPropertyHasChanged (/usr1/hmos_for_system/src/increment/sourcecode/out/generic_generic_arm_64only/general_all_phone_standard/obj/foundation/arkui/ace_engine/frameworks/bridge/declarative_frontend/stateMgmt.js:10269:1)
//     at notifyPropertyHasChangedPU (/usr1/hmos_for_system/src/increment/sourcecode/out/generic_generic_arm_64only/general_all_phone_standard/obj/foundation/arkui/ace_engine/frameworks/bridge/declarative_frontend/stateMgmt.js:8084:1)
// crash end
